// Jest Snapshot v1, https://goo.gl/fbAQLP

exports[`CounterApp should match snapshot 1`] = `
<div>
  <h1>
     
    counter App!
     
  </h1>
  <h2>
     
    100
     
  </h2>
  <button
    name="+1"
  >
     +1 
  </button>
  <button
    name="reset"
  >
     Reset 
  </button>
  <button
    name="-1"
  >
     -1 
  </button>
</div>
`;
